// Jest Snapshot v1, https://goo.gl/fbAQLP

exports[`Alert Message Component renders component correctly 1`] = `
<Modal
  animationType="fade"
  hardwareAccelerated={false}
  onRequestClose={[Function]}
  transparent={true}
  visible={true}
>
  <View
    style={
      {
        "alignItems": "center",
        "backgroundColor": "rgba(0,0,0,0.5)",
        "flex": 1,
        "justifyContent": "center",
      }
    }
  >
    <View
      style={
        {
          "backgroundColor": "#fff",
          "borderRadius": 5,
          "padding": 20,
        }
      }
    >
      <Text
        style={
          {
            "fontSize": 18,
            "fontWeight": "bold",
            "marginBottom": 10,
          }
        }
      >
        Test message
      </Text>
      <View
        accessible={true}
        collapsable={false}
        focusable={true}
        onClick={[Function]}
        onResponderGrant={[Function]}
        onResponderMove={[Function]}
        onResponderRelease={[Function]}
        onResponderTerminate={[Function]}
        onResponderTerminationRequest={[Function]}
        onStartShouldSetResponder={[Function]}
        style={
          {
            "opacity": 1,
          }
        }
      >
        <Text
          style={
            {
              "color": "#4455BB",
              "fontSize": 16,
              "fontWeight": "bold",
              "textAlign": "center",
            }
          }
        >
          Close
        </Text>
      </View>
    </View>
  </View>
</Modal>
`;
